../Core/Src/main.c:147:6:Send_UART	8	static
../Core/Src/main.c:174:7:PID_Controller	40	static
../Core/Src/main.c:191:6:SSR_Control	16	static
../Core/Src/main.c:218:8:PID2STEPS	24	static
../Core/Src/main.c:234:6:Stepper	24	static
../Core/Src/main.c:262:6:MAX6675_StartRead	8	static
../Core/Src/main.c:270:7:MAX6675_GetTemperature	16	static
../Core/Src/main.c:288:5:main	24	static
../Core/Src/main.c:371:6:SystemClock_Config	88	static
../Core/Src/main.c:418:13:MX_ADC1_Init	24	static
../Core/Src/main.c:465:13:MX_SPI2_Init	8	static
../Core/Src/main.c:503:13:MX_TIM2_Init	32	static
../Core/Src/main.c:548:13:MX_USART1_UART_Init	8	static
../Core/Src/main.c:582:13:MX_GPIO_Init	40	static
../Core/Src/main.c:611:6:HAL_SPI_RxCpltCallback	16	static
../Core/Src/main.c:620:6:HAL_ADC_ConvCpltCallback	24	static
../Core/Src/main.c:631:6:HAL_UART_RxCpltCallback	120	static
../Core/Src/main.c:704:6:HAL_TIM_PeriodElapsedCallback	24	static
../Core/Src/main.c:921:6:Error_Handler	4	static,ignoring_inline_asm
